  Aegis64.cpp
C:\vcpkg-master\installed\x64-windows\include\LIEF\errors.hpp(75,9): warning C5051: attribute [[maybe_unused]] requires at least '/std:c++17'; ignored
  (compiling source file 'Aegis64.cpp')
  
C:\vcpkg-master\installed\x64-windows\include\LIEF\errors.hpp(112,8): warning C5051: attribute [[maybe_unused]] requires at least '/std:c++17'; ignored
  (compiling source file 'Aegis64.cpp')
  
C:\vcpkg-master\installed\x64-windows\include\LIEF\PE\resources\ResourceIcon.hpp(111,24): warning C4267: 'return': conversion from 'size_t' to 'uint32_t', possible loss of data
  (compiling source file 'Aegis64.cpp')
  
C:\vcpkg-master\installed\x64-windows\include\LIEF\PE\resources\ResourceDialogRegular.hpp(106,23): warning C4267: 'return': conversion from 'size_t' to 'uint32_t', possible loss of data
  (compiling source file 'Aegis64.cpp')
  
C:\vcpkg-master\installed\x64-windows\include\LIEF\PE\ExceptionInfo.hpp(57,9): warning C4244: 'initializing': conversion from 'uint64_t' to 'uint32_t', possible loss of data
  (compiling source file 'Aegis64.cpp')
  
C:\vcpkg-master\installed\x64-windows\include\LIEF\PE\ExceptionInfo.hpp(102,15): warning C4244: '=': conversion from 'uint64_t' to 'uint32_t', possible loss of data
  (compiling source file 'Aegis64.cpp')
  
C:\vcpkg-master\installed\x64-windows\include\LIEF\PE\LoadConfigurations\VolatileMetadata.hpp(84,33): warning C4267: 'return': conversion from 'size_t' to 'uint32_t', possible loss of data
  (compiling source file 'Aegis64.cpp')
  
C:\vcpkg-master\installed\x64-windows\include\LIEF\PE\LoadConfigurations\VolatileMetadata.hpp(93,32): warning C4267: 'return': conversion from 'size_t' to 'uint32_t', possible loss of data
  (compiling source file 'Aegis64.cpp')
  
C:\vcpkg-master\installed\x64-windows\include\LIEF\PE\Factory.hpp(51,49): warning C4244: 'argument': conversion from 'uint64_t' to 'uint32_t', possible loss of data
  (compiling source file 'Aegis64.cpp')
  
C:\vcpkg-master\installed\x64-windows\include\LIEF\PE\exceptions_info\UnwindCodeX64.hpp(86,14): warning C4267: 'argument': conversion from 'size_t' to 'uint32_t', possible loss of data
  (compiling source file 'Aegis64.cpp')
  
C:\vcpkg-master\installed\x64-windows\include\LIEF\PE\exceptions_info\UnwindCodeX64.hpp(112,31): warning C4267: 'argument': conversion from 'size_t' to 'uint32_t', possible loss of data
  (compiling source file 'Aegis64.cpp')
  
C:\vcpkg-master\installed\x64-windows\include\LIEF\PE\exceptions_info\UnwindCodeX64.hpp(138,34): warning C4267: 'argument': conversion from 'size_t' to 'uint32_t', possible loss of data
  (compiling source file 'Aegis64.cpp')
  
C:\vcpkg-master\installed\x64-windows\include\LIEF\PE\exceptions_info\UnwindCodeX64.hpp(165,29): warning C4267: 'argument': conversion from 'size_t' to 'uint32_t', possible loss of data
  (compiling source file 'Aegis64.cpp')
  
C:\vcpkg-master\installed\x64-windows\include\LIEF\PE\exceptions_info\UnwindCodeX64.hpp(192,14): warning C4267: 'argument': conversion from 'size_t' to 'uint32_t', possible loss of data
  (compiling source file 'Aegis64.cpp')
  
C:\vcpkg-master\installed\x64-windows\include\LIEF\PE\exceptions_info\UnwindCodeX64.hpp(223,14): warning C4267: 'argument': conversion from 'size_t' to 'uint32_t', possible loss of data
  (compiling source file 'Aegis64.cpp')
  
C:\Users\Admin\source\repos\Aegis64\Aegis64\Aegis64.cpp(416,50): warning C4244: 'argument': conversion from 'uint16_t' to 'uint8_t', possible loss of data
C:\Users\Admin\source\repos\Aegis64\Aegis64\Aegis64.cpp(474,50): warning C4244: 'argument': conversion from 'uint16_t' to 'uint8_t', possible loss of data
C:\Users\Admin\source\repos\Aegis64\Aegis64\Aegis64.cpp(543,50): warning C4244: 'argument': conversion from 'uint16_t' to 'uint8_t', possible loss of data
C:\Users\Admin\source\repos\Aegis64\Aegis64\Aegis64.cpp(561,50): warning C4244: 'argument': conversion from 'uint16_t' to 'uint8_t', possible loss of data
C:\Users\Admin\source\repos\Aegis64\Aegis64\Aegis64.cpp(596,50): warning C4244: 'argument': conversion from 'uint16_t' to 'uint8_t', possible loss of data
C:\Users\Admin\source\repos\Aegis64\Aegis64\Aegis64.cpp(633,50): warning C4244: 'argument': conversion from 'uint16_t' to 'uint8_t', possible loss of data
C:\Users\Admin\source\repos\Aegis64\Aegis64\Aegis64.cpp(653,50): warning C4244: 'argument': conversion from 'uint16_t' to 'uint8_t', possible loss of data
C:\Users\Admin\source\repos\Aegis64\Aegis64\Aegis64.cpp(666,50): warning C4244: 'argument': conversion from 'uint16_t' to 'uint8_t', possible loss of data
C:\Users\Admin\source\repos\Aegis64\Aegis64\Aegis64.cpp(802,50): warning C4244: 'argument': conversion from 'uint16_t' to 'uint8_t', possible loss of data
C:\Users\Admin\source\repos\Aegis64\Aegis64\Aegis64.cpp(810,46): warning C4244: 'argument': conversion from 'uint16_t' to 'uint8_t', possible loss of data
C:\Users\Admin\source\repos\Aegis64\Aegis64\Aegis64.cpp(847,34): warning C4101: 'e': unreferenced local variable
  Generating code
  Previous IPDB not found, fall back to full compilation.
  All 590 functions were compiled because no usable IPDB/IOBJ from previous compilation was found.
  Finished generating code
  Aegis64.vcxproj -> C:\Users\Admin\source\repos\Aegis64\x64\Release\Aegis64.exe
  'pwsh.exe' is not recognized as an internal or external command,
  operable program or batch file.
